0 verbose cli C:\Users\Rojan\scoop\apps\nodejs\current\node.exe C:\Users\Rojan\scoop\apps\nodejs\current\node_modules\npm\bin\npm-cli.js
1 info using npm@11.6.2
2 info using node@v25.2.1
3 silly config load:file:C:\Users\Rojan\scoop\apps\nodejs\25.2.1\node_modules\npm\npmrc
4 silly config load:file:D:\nepse-stock-website\.npmrc
5 silly config load:file:C:\Users\Rojan\.npmrc
6 silly config load:file:C:\Users\Rojan\scoop\persist\nodejs\bin\etc\npmrc
7 verbose title npm test backend/tests/integration/market.test.js
8 verbose argv "test" "backend/tests/integration/market.test.js"
9 verbose logfile logs-max:10 dir:C:\Users\Rojan\scoop\persist\nodejs\cache\_logs\2026-02-21T14_11_32_314Z-
10 verbose logfile C:\Users\Rojan\scoop\persist\nodejs\cache\_logs\2026-02-21T14_11_32_314Z-debug-0.log
11 silly logfile start cleaning logs, removing 1 files
12 silly logfile done cleaning log files
13 verbose stack Error: Missing script: "test"
13 verbose stack
13 verbose stack To see a list of scripts, run:
13 verbose stack   npm run
13 verbose stack     at #run (C:\Users\Rojan\scoop\apps\nodejs\25.2.1\node_modules\npm\lib\commands\run.js:115:13)
13 verbose stack     at async RunScript.exec (C:\Users\Rojan\scoop\apps\nodejs\25.2.1\node_modules\npm\lib\commands\run.js:44:7)
13 verbose stack     at async Npm.exec (C:\Users\Rojan\scoop\apps\nodejs\25.2.1\node_modules\npm\lib\npm.js:208:9)
13 verbose stack     at async module.exports (C:\Users\Rojan\scoop\apps\nodejs\25.2.1\node_modules\npm\lib\cli\entry.js:67:5)
14 error Missing script: "test"
14 error
14 error To see a list of scripts, run:
14 error   npm run
15 verbose cwd D:\nepse-stock-website
16 verbose os Windows_NT 10.0.26200
17 verbose node v25.2.1
18 verbose npm  v11.6.2
19 verbose exit 1
20 verbose code 1
21 error A complete log of this run can be found in: C:\Users\Rojan\scoop\persist\nodejs\cache\_logs\2026-02-21T14_11_32_314Z-debug-0.log
